8/22/23, 4:08:06 PM ============================================================

-- Counters --------------------------------------------------------------------
vectortesttoastra_default_schema.optracker_blocked
             count = 0
vectortesttoastra_default_write.optracker_blocked
             count = 0

-- Histograms ------------------------------------------------------------------
http-1.statuscode
             count = 2
http-10.statuscode
             count = 1
http-11.statuscode
             count = 1
http-12.statuscode
             count = 1
http-13.statuscode
             count = 3
http-14.statuscode
             count = 3
http-15.statuscode
             count = 3
http-16.statuscode
             count = 3
http-17.statuscode
             count = 2
http-18.statuscode
             count = 2
http-2.statuscode
             count = 4
http-20.statuscode
             count = 2
http-3.statuscode
             count = 4
http-4.statuscode
             count = 4
http-5.statuscode
             count = 3
http-6.statuscode
             count = 2
http-7.statuscode
             count = 6
http-8.statuscode
             count = 3
http-9.statuscode
             count = 1
http.statuscode
             count = 1
vectortesttoastra_default_schema.tries
             count = 0
vectortesttoastra_default_write.tries
             count = 50

-- Timers ----------------------------------------------------------------------
vectortesttoastra_default_schema.bind
             count = 1
vectortesttoastra_default_schema.cycles.servicetime
             count = 1
vectortesttoastra_default_schema.execute
             count = 1
vectortesttoastra_default_schema.read_input
             count = 1
vectortesttoastra_default_schema.result
             count = 1
vectortesttoastra_default_schema.result-success
             count = 0
vectortesttoastra_default_schema.strides.servicetime
             count = 1
vectortesttoastra_default_write.bind
             count = 50
vectortesttoastra_default_write.cycles.servicetime
             count = 50
vectortesttoastra_default_write.errortimers.ALL
             count = 50
vectortesttoastra_default_write.errortimers.RuntimeException
             count = 50
vectortesttoastra_default_write.execute
             count = 50
vectortesttoastra_default_write.read_input
             count = 30
vectortesttoastra_default_write.result
             count = 50
vectortesttoastra_default_write.result-success
             count = 0
vectortesttoastra_default_write.strides.servicetime
             count = 10


8/22/23, 4:08:06 PM ============================================================

-- Counters --------------------------------------------------------------------
vectortesttoastra_default_schema.optracker_blocked
             count = 0
vectortesttoastra_default_write.optracker_blocked
             count = 0

-- Histograms ------------------------------------------------------------------
http-1.statuscode
             count = 2
http-10.statuscode
             count = 1
http-11.statuscode
             count = 1
http-12.statuscode
             count = 1
http-13.statuscode
             count = 3
http-14.statuscode
             count = 3
http-15.statuscode
             count = 3
http-16.statuscode
             count = 3
http-17.statuscode
             count = 2
http-18.statuscode
             count = 2
http-2.statuscode
             count = 4
http-20.statuscode
             count = 2
http-3.statuscode
             count = 4
http-4.statuscode
             count = 4
http-5.statuscode
             count = 3
http-6.statuscode
             count = 2
http-7.statuscode
             count = 6
http-8.statuscode
             count = 3
http-9.statuscode
             count = 1
http.statuscode
             count = 1
vectortesttoastra_default_schema.tries
             count = 0
vectortesttoastra_default_write.tries
             count = 50

-- Timers ----------------------------------------------------------------------
vectortesttoastra_default_schema.bind
             count = 1
vectortesttoastra_default_schema.cycles.servicetime
             count = 1
vectortesttoastra_default_schema.execute
             count = 1
vectortesttoastra_default_schema.read_input
             count = 1
vectortesttoastra_default_schema.result
             count = 1
vectortesttoastra_default_schema.result-success
             count = 0
vectortesttoastra_default_schema.strides.servicetime
             count = 1
vectortesttoastra_default_write.bind
             count = 50
vectortesttoastra_default_write.cycles.servicetime
             count = 50
vectortesttoastra_default_write.errortimers.ALL
             count = 50
vectortesttoastra_default_write.errortimers.RuntimeException
             count = 50
vectortesttoastra_default_write.execute
             count = 50
vectortesttoastra_default_write.read_input
             count = 30
vectortesttoastra_default_write.result
             count = 50
vectortesttoastra_default_write.result-success
             count = 0
vectortesttoastra_default_write.strides.servicetime
             count = 10



